 _________________________________________________

 KRAKEN- f500.000000_1500                                                        
 Nominal Frequency =   500.0    Hz
 NMedia    =   3


     C-Linear approximation to SSP
     Attenuation units: dB/wavelength
     VACUUM

       ( # mesh points =   550  RMS roughness =   0.00     m )

 Sound speed profile:
      z         alphaR      betaR     rho        alphaI     betaI
     (m)         (m/s)      (m/s)   (g/cm^3)                     

      0.00      1472.30      0.00     1.00       0.0000    0.0000
     75.60      1472.30      0.00     1.00       0.0000    0.0000

       ( # mesh points =    40  RMS roughness =   0.00     m )

     75.60      1500.00      0.00     1.20       0.1200    0.0000
     83.60      1500.00      0.00     1.20       0.1200    0.0000

       ( # mesh points =    40  RMS roughness =   0.00     m )

     83.60      1650.00      0.00     1.30       0.1000    0.0000
     88.60      1650.00      0.00     1.30       0.1000    0.0000

                              ( RMS roughness =   0.00     m )
     ACOUSTO-ELASTIC half-space
     88.60      1800.00      0.00     2.20       0.1000    0.0000

 cLow =   1300.0     m/s      cHigh =   5000.0     m/s
 RMax =   0.0000     km

    Number of Source   z-coordinates, Sz =            1
    Source   z-coordinates, Sz (m)
                 10.0000    

 __________________________________________________________________________

    Number of Receiver z-coordinates, Rz =          101
    Receiver z-coordinates, Rz (m)
                 0.00000       1.00000       2.00000       3.00000    
   4.00000       5.00000       6.00000       7.00000       8.00000    
   9.00000    
          ... 
   100.000    

 Warning in ReadSzRz : Receiver below or too near the bottom bdry has been moved up

 Mesh multiplier   CPU seconds
                --- Number of modes =           57
        1            0.912E-03s

    I       k             alpha     Phase Speed     Group Speed
          (1/m)           (1/m)        (m/s)           (m/s)
    1   2.133424259     -0.16E-05   1472.558794       0.00000    
    2   2.132298933     -0.65E-05   1473.335940       0.00000    
    3   2.130422397     -0.15E-04   1474.633696       0.00000    
    4   2.127793383     -0.26E-04   1476.455693       0.00000    
    5   2.124410605     -0.41E-04   1478.806708       0.00000    
    6   2.120273392     -0.61E-04   1481.692251       0.00000    
    7   2.115382827     -0.87E-04   1485.117783       0.00000    
    8   2.109743972     -0.12E-03   1489.087157       0.00000    
    9   2.103370698     -0.17E-03   1493.599134       0.00000    
   10   2.096297597     -0.25E-03   1498.638675       0.00000    
   11   2.088613425     -0.40E-03   1504.152284       0.00000    
   12   2.080559323     -0.70E-03   1509.975043       0.00000    
   13   2.072665996     -0.12E-02   1515.725476       0.00000    
   14   2.064947347     -0.11E-02   1521.391167       0.00000    
   15   2.056040686     -0.68E-03   1527.981754       0.00000    
   16   2.045621149     -0.46E-03   1535.764653       0.00000    
   17   2.034125709     -0.43E-03   1544.443709       0.00000    
   18   2.021869228     -0.51E-03   1553.806057       0.00000    
   19   2.009114336     -0.65E-03   1563.670418       0.00000    
   20   1.996101390     -0.80E-03   1573.864268       0.00000    
   21   1.982785489     -0.82E-03   1584.433954       0.00000    
   22   1.968650448     -0.68E-03   1595.810295       0.00000    
   23   1.953269164     -0.54E-03   1608.376721       0.00000    
   24   1.936671208     -0.49E-03   1622.161078       0.00000    
   25   1.919123341     -0.52E-03   1636.993614       0.00000    
   26   1.901057961     -0.67E-03   1652.549642       0.00000    
   27   1.883330208     -0.98E-03   1668.105062       0.00000    
   28   1.867232069     -0.13E-02   1682.486449       0.00000    
   29   1.851854398     -0.12E-02   1696.457700       0.00000    
   30   1.834871295     -0.12E-02   1712.159683       0.00000    
   31   1.816230917     -0.10E-02   1729.731954       0.00000    
   32   1.795529084     -0.80E-03   1749.675169       0.00000    
   33   1.772718882     -0.66E-03   1772.188859       0.00000    
   34   1.748689889     -0.78E-03   1796.540755       0.00000    
   35   1.724045048     -0.23E-02   1822.221906       0.00000    
   36   1.699564519     -0.43E-02   1848.469192       0.00000    
   37   1.675099134     -0.54E-02   1875.466705       0.00000    
   38   1.648587787     -0.49E-02   1905.626548       0.00000    
   39   1.619545363     -0.46E-02   1939.799110       0.00000    
   40   1.588897920     -0.50E-02   1977.214907       0.00000    
   41   1.557496447     -0.58E-02   2017.078536       0.00000    
   42   1.525303642     -0.60E-02   2059.650660       0.00000    
   43   1.491180623     -0.53E-02   2106.782106       0.00000    
   44   1.454220270     -0.47E-02   2160.327922       0.00000    
   45   1.414501236     -0.46E-02   2220.989685       0.00000    
   46   1.372605461     -0.53E-02   2288.780529       0.00000    
   47   1.329308791     -0.71E-02   2363.327975       0.00000    
   48   1.285234703     -0.94E-02   2444.372726       0.00000    
   49   1.239732472     -0.11E-01   2534.089188       0.00000    
   50   1.190744382     -0.10E-01   2638.343460       0.00000    
   51   1.137033399     -0.10E-01   2762.973064       0.00000    
   52   1.078873473     -0.11E-01   2911.919454       0.00000    
   53   1.017149401     -0.14E-01   3088.624593       0.00000    
   54  0.9522780659     -0.17E-01   3299.028683       0.00000    
   55  0.8822340546     -0.17E-01   3560.951470       0.00000    
   56  0.8025673818     -0.16E-01   3914.428526       0.00000    
   57  0.7091130875     -0.15E-01   4430.312610       0.00000    
 _________________________________________________

 End of environmental file
